// Jest Snapshot v1, https://goo.gl/fbAQLP

exports[`3Operands When_'1/2 + 4000'_Should_ParseSuccessfully 1`] = `
Object {
  "datatype": Object {
    "typeList": Array [
      "long",
    ],
  },
  "end": Object {
    "column": 8,
    "line": 1,
  },
  "start": Object {
    "column": 8,
    "line": 1,
  },
  "type": "IntLiteral",
  "value": 1,
}
`;

exports[`3Operands When_'x/1 + (-1) * ((-1) * x)'_Should_ParseSuccessfully 1`] = `
Object {
  "datatype": Object {
    "typeList": Array [
      "long",
    ],
  },
  "end": Object {
    "column": 8,
    "line": 1,
  },
  "start": Object {
    "column": 8,
    "line": 1,
  },
  "type": "IntLiteral",
  "value": 1,
}
`;

exports[`3Operands When_'x/5 + 0 * (-x)'_Should_ParseSuccessfully 1`] = `
Object {
  "datatype": Object {
    "typeList": Array [
      "long",
    ],
  },
  "end": Object {
    "column": 8,
    "line": 1,
  },
  "start": Object {
    "column": 8,
    "line": 1,
  },
  "type": "IntLiteral",
  "value": 1,
}
`;

exports[`Addition When_'1+2'_Should_ParseSuccessfully 1`] = `
Object {
  "datatype": Object {
    "typeList": Array [
      "long",
    ],
  },
  "end": Object {
    "column": 8,
    "line": 1,
  },
  "start": Object {
    "column": 8,
    "line": 1,
  },
  "type": "IntLiteral",
  "value": 1,
}
`;

exports[`Addition When_'x+5'_Should_ParseSuccessfully 1`] = `
Object {
  "datatype": Object {
    "typeList": Array [
      "long",
    ],
  },
  "end": Object {
    "column": 8,
    "line": 1,
  },
  "start": Object {
    "column": 8,
    "line": 1,
  },
  "type": "IntLiteral",
  "value": 1,
}
`;

exports[`Division When_'1/2'_Should_ParseSuccessfully 1`] = `
Object {
  "datatype": Object {
    "typeList": Array [
      "long",
    ],
  },
  "end": Object {
    "column": 8,
    "line": 1,
  },
  "start": Object {
    "column": 8,
    "line": 1,
  },
  "type": "IntLiteral",
  "value": 1,
}
`;

exports[`Division When_'x/5'_Should_ParseSuccessfully 1`] = `
Object {
  "datatype": Object {
    "typeList": Array [
      "long",
    ],
  },
  "end": Object {
    "column": 8,
    "line": 1,
  },
  "start": Object {
    "column": 8,
    "line": 1,
  },
  "type": "IntLiteral",
  "value": 1,
}
`;

exports[`Multiplication When_'1*2'_Should_ParseSuccessfully 1`] = `
Object {
  "datatype": Object {
    "typeList": Array [
      "long",
    ],
  },
  "end": Object {
    "column": 8,
    "line": 1,
  },
  "start": Object {
    "column": 8,
    "line": 1,
  },
  "type": "IntLiteral",
  "value": 1,
}
`;

exports[`Multiplication When_'x*5'_Should_ParseSuccessfully 1`] = `
Object {
  "datatype": Object {
    "typeList": Array [
      "long",
    ],
  },
  "end": Object {
    "column": 8,
    "line": 1,
  },
  "start": Object {
    "column": 8,
    "line": 1,
  },
  "type": "IntLiteral",
  "value": 1,
}
`;

exports[`Subtraction When_'-x-5'_Should_ParseSuccessfully 1`] = `
Object {
  "datatype": Object {
    "typeList": Array [
      "long",
    ],
  },
  "end": Object {
    "column": 8,
    "line": 1,
  },
  "start": Object {
    "column": 8,
    "line": 1,
  },
  "type": "IntLiteral",
  "value": 1,
}
`;

exports[`Subtraction When_'1-2'_Should_ParseSuccessfully 1`] = `
Object {
  "datatype": Object {
    "typeList": Array [
      "long",
    ],
  },
  "end": Object {
    "column": 8,
    "line": 1,
  },
  "start": Object {
    "column": 8,
    "line": 1,
  },
  "type": "IntLiteral",
  "value": 1,
}
`;

exports[`Subtraction When_'x-5'_Should_ParseSuccessfully 1`] = `
Object {
  "datatype": Object {
    "typeList": Array [
      "long",
    ],
  },
  "end": Object {
    "column": 8,
    "line": 1,
  },
  "start": Object {
    "column": 8,
    "line": 1,
  },
  "type": "IntLiteral",
  "value": 1,
}
`;
